// Jest Snapshot v1, https://goo.gl/fbAQLP

exports[`summary header should render correctly 1`] = `
<div>
  <p>
    Showing undefined
             expense
             , Total amount: Â£undefined
  </p>
</div>
`;
