// Jest Snapshot v1, https://goo.gl/fbAQLP

exports[`Expense list should create list with expenses 1`] = `
<div>
  <h1>
    ExpenseList
  </h1>
  <div>
    <ExpenseListItem
      amount={500}
      description="gas bill"
      id="1"
      key="1"
    />
    <ExpenseListItem
      amount={100}
      description="water bill"
      id="2"
      key="2"
    />
    <ExpenseListItem
      amount={30}
      description="fan"
      id="3"
      key="3"
    />
    <ExpenseListItem
      amount={1999}
      description="rent"
      id="4"
      key="4"
    />
  </div>
</div>
`;

exports[`should render ExpenseList with empty message 1`] = `
<div>
  <h1>
    ExpenseList
  </h1>
  <p>
    All cleared, no expenses
  </p>
</div>
`;
