// Jest Snapshot v1, https://goo.gl/fbAQLP

exports[`should compile correctly 1`] = `<expenseDashBoardPage />`;
